first commit
second edit file
